// Vitest Snapshot v1, https://vitest.dev/guide/snapshot.html

exports[`<NavBrand/> > renders without crashing 1`] = `
<h1
  style="--fs: 1.2rem;"
>
  <a
    href="/"
    style="text-transform: capitalize;"
  >
    FPKit NextJS
  </a>
</h1>
`;
