// Vitest Snapshot v1, https://vitest.dev/guide/snapshot.html

exports[`App renders correctly > renders without crashing 1`] = `
<nav>
  Link
</nav>
`;
